V3 3
FL "C:/Users/17111115/Desktop/DECODER SCANCODE/DECODER_SCANCODE/DECODER_SCANCODE.vhd" 2018/11/07.19:25:23 O.61xd
EN work/DECODER_SCANCODE 1541625925 \
      FL "C:/Users/17111115/Desktop/DECODER SCANCODE/DECODER_SCANCODE/DECODER_SCANCODE.vhd" \
      PB ieee/std_logic_1164 1308643377
AR work/DECODER_SCANCODE/ARQ_DECODER_SCANCODE 1541625926 \
      FL "C:/Users/17111115/Desktop/DECODER SCANCODE/DECODER_SCANCODE/DECODER_SCANCODE.vhd" \
      EN work/DECODER_SCANCODE 1541625925
