AR decoder_scancode arq_decoder_scancode C:/Users/17111115.PORTOALEGRE/Desktop/EDITOR_DE_TEXTOS/EDITOR_DE_TEXTOS/DECODER_SCANCODE.vhd sub00/vhpl07 1541636808
EN divisor_de_clock NULL C:/Users/17111115.PORTOALEGRE/Desktop/EDITOR_DE_TEXTOS/EDITOR_DE_TEXTOS/DIVISOR_DE_CLOCK.vhd sub00/vhpl00 1541636803
AR teclado_ps2 arq_teclado_ps2 C:/Users/17111115.PORTOALEGRE/Desktop/EDITOR_DE_TEXTOS/EDITOR_DE_TEXTOS/TECLADO_PS2.vhd sub00/vhpl05 1541636806
EN editor_de_textos NULL C:/Users/17111115.PORTOALEGRE/Desktop/EDITOR_DE_TEXTOS/EDITOR_DE_TEXTOS/EDITOR_DE_TEXTOS.vhd sub00/vhpl08 1541636811
AR editor_de_textos arq_editor_de_textos C:/Users/17111115.PORTOALEGRE/Desktop/EDITOR_DE_TEXTOS/EDITOR_DE_TEXTOS/EDITOR_DE_TEXTOS.vhd sub00/vhpl09 1541636812
EN teclado_ps2 NULL C:/Users/17111115.PORTOALEGRE/Desktop/EDITOR_DE_TEXTOS/EDITOR_DE_TEXTOS/TECLADO_PS2.vhd sub00/vhpl04 1541636805
AR divisor_de_clock arq_divisor_de_clock C:/Users/17111115.PORTOALEGRE/Desktop/EDITOR_DE_TEXTOS/EDITOR_DE_TEXTOS/DIVISOR_DE_CLOCK.vhd sub00/vhpl01 1541636804
EN decoder_scancode NULL C:/Users/17111115.PORTOALEGRE/Desktop/EDITOR_DE_TEXTOS/EDITOR_DE_TEXTOS/DECODER_SCANCODE.vhd sub00/vhpl06 1541636807
EN display_lcd_16x2 NULL C:/Users/17111115.PORTOALEGRE/Desktop/EDITOR_DE_TEXTOS/EDITOR_DE_TEXTOS/DISPLAY_LCD_16X2.vhd sub00/vhpl02 1541636809
AR display_lcd_16x2 arq_display_lcd_16x2 C:/Users/17111115.PORTOALEGRE/Desktop/EDITOR_DE_TEXTOS/EDITOR_DE_TEXTOS/DISPLAY_LCD_16X2.vhd sub00/vhpl03 1541636810
