EN divisor_de_clock NULL C:/Users/mazza/Desktop/REPOSITORIO_VHDL/VHDL/Componentes/DIVISOR_DE_CLOCK/DIVISOR_DE_CLOCK/DIVISOR_DE_CLOCK.vhd sub00/vhpl02 1540683358
AR divisor_de_clock arq_divisor_de_clock C:/Users/mazza/Desktop/REPOSITORIO_VHDL/VHDL/Componentes/DIVISOR_DE_CLOCK/DIVISOR_DE_CLOCK/DIVISOR_DE_CLOCK.vhd sub00/vhpl03 1540683359
EN display_lcd_16x2 NULL C:/Users/mazza/Desktop/REPOSITORIO_VHDL/VHDL/Componentes/DISPLAY_LCD_16X2/DISPLAY_LCD_16X2.vhd sub00/vhpl00 1540683360
AR display_lcd_16x2 arq_display_lcd_16x2 C:/Users/mazza/Desktop/REPOSITORIO_VHDL/VHDL/Componentes/DISPLAY_LCD_16X2/DISPLAY_LCD_16X2.vhd sub00/vhpl01 1540683361
