V3 8
FL C:/Users/mazza/Desktop/REPOSITORIO_VHDL/VHDL/Componentes/DISPLAY_LCD_16X2/DISPLAY_LCD_16X2.vhd 2018/10/27.21:35:50 P.20131013
EN work/DISPLAY_LCD_16X2 1540683360 \
      FL C:/Users/mazza/Desktop/REPOSITORIO_VHDL/VHDL/Componentes/DISPLAY_LCD_16X2/DISPLAY_LCD_16X2.vhd \
      LB UNISIM PB ieee/std_logic_1164 1381692176 PB ieee/STD_LOGIC_UNSIGNED 1381692179 \
      PB ieee/NUMERIC_STD 1381692181 PB ieee/std_logic_arith 1381692177 \
      PH unisim/VCOMPONENTS 1381692182
AR work/DISPLAY_LCD_16X2/ARQ_DISPLAY_LCD_16X2 1540683361 \
      FL C:/Users/mazza/Desktop/REPOSITORIO_VHDL/VHDL/Componentes/DISPLAY_LCD_16X2/DISPLAY_LCD_16X2.vhd \
      EN work/DISPLAY_LCD_16X2 1540683360 CP DIVISOR_DE_CLOCK
FL C:/Users/mazza/Desktop/REPOSITORIO_VHDL/VHDL/Componentes/DIVISOR_DE_CLOCK/DIVISOR_DE_CLOCK/DIVISOR_DE_CLOCK.vhd 2018/10/27.20:59:02 P.20131013
EN work/DIVISOR_DE_CLOCK 1540683358 \
      FL C:/Users/mazza/Desktop/REPOSITORIO_VHDL/VHDL/Componentes/DIVISOR_DE_CLOCK/DIVISOR_DE_CLOCK/DIVISOR_DE_CLOCK.vhd \
      PB ieee/std_logic_1164 1381692176 PB ieee/STD_LOGIC_UNSIGNED 1381692179 \
      PB ieee/NUMERIC_STD 1381692181
AR work/DIVISOR_DE_CLOCK/ARQ_DIVISOR_DE_CLOCK 1540683359 \
      FL C:/Users/mazza/Desktop/REPOSITORIO_VHDL/VHDL/Componentes/DIVISOR_DE_CLOCK/DIVISOR_DE_CLOCK/DIVISOR_DE_CLOCK.vhd \
      EN work/DIVISOR_DE_CLOCK 1540683358
