EN divisor_de_clock NULL C:/Users/mazza/Desktop/REPOSITORIO_VHDL/VHDL/Componentes/DIVISOR_DE_CLOCK/DIVISOR_DE_CLOCK/DIVISOR_DE_CLOCK.vhd sub00/vhpl00 1540665792
AR divisor_de_clock arq_divisor_de_clock C:/Users/mazza/Desktop/REPOSITORIO_VHDL/VHDL/Componentes/DIVISOR_DE_CLOCK/DIVISOR_DE_CLOCK/DIVISOR_DE_CLOCK.vhd sub00/vhpl01 1540665793
