V3 3
FL C:/Users/mazza/Desktop/REPOSITORIO_VHDL/VHDL/Componentes/DIVISOR_DE_CLOCK/DIVISOR_DE_CLOCK/DIVISOR_DE_CLOCK.vhd 2018/10/27.17:35:28 P.20131013
EN work/DIVISOR_DE_CLOCK 1540668936 \
      FL C:/Users/mazza/Desktop/REPOSITORIO_VHDL/VHDL/Componentes/DIVISOR_DE_CLOCK/DIVISOR_DE_CLOCK/DIVISOR_DE_CLOCK.vhd \
      PB ieee/std_logic_1164 1381692176 PB ieee/STD_LOGIC_UNSIGNED 1381692179 \
      PB ieee/NUMERIC_STD 1381692181
AR work/DIVISOR_DE_CLOCK/ARQ_DIVISOR_DE_CLOCK 1540668937 \
      FL C:/Users/mazza/Desktop/REPOSITORIO_VHDL/VHDL/Componentes/DIVISOR_DE_CLOCK/DIVISOR_DE_CLOCK/DIVISOR_DE_CLOCK.vhd \
      EN work/DIVISOR_DE_CLOCK 1540668936
