V3 4
FL C:/Users/17111115/Desktop/TECLADO_PS2/TECLADO_PS2/TECLADO_PS2.vhd 2018/11/05.19:15:38 O.61xd
EN work/TECLADO_PS2 1541452540 \
      FL C:/Users/17111115/Desktop/TECLADO_PS2/TECLADO_PS2/TECLADO_PS2.vhd \
      LB UNISIM PB ieee/std_logic_1164 1308643377 PB ieee/STD_LOGIC_UNSIGNED 1308643379 \
      PB ieee/NUMERIC_STD 1308643378 PB ieee/std_logic_arith 1308643378 \
      PH unisim/VCOMPONENTS 1308643377
AR work/TECLADO_PS2/ARQ_TECLADO_PS2 1541452541 \
      FL C:/Users/17111115/Desktop/TECLADO_PS2/TECLADO_PS2/TECLADO_PS2.vhd \
      EN work/TECLADO_PS2 1541452540
